C:\Embebidosk64\WORKSPACE_REDES\REDES_HANDS_ON_HELLO_MQTT_lwip_mqtt_freertos\CMSIS/core_cm4.h:1679:22:__NVIC_EnableIRQ	16	static
C:\Embebidosk64\WORKSPACE_REDES\REDES_HANDS_ON_HELLO_MQTT_lwip_mqtt_freertos\drivers/fsl_clock.h:725:20:CLOCK_EnableClock	24	static
C:\Embebidosk64\WORKSPACE_REDES\REDES_HANDS_ON_HELLO_MQTT_lwip_mqtt_freertos\drivers/fsl_port.h:271:20:PORT_SetPinConfig	32	static
C:\Embebidosk64\WORKSPACE_REDES\REDES_HANDS_ON_HELLO_MQTT_lwip_mqtt_freertos\drivers/fsl_port.h:374:20:PORT_SetPinMux	24	static
C:\Embebidosk64\WORKSPACE_REDES\REDES_HANDS_ON_HELLO_MQTT_lwip_mqtt_freertos\drivers/fsl_port.h:443:20:PORT_SetPinInterruptConfig	24	static
../board/pin_mux.c:37:6:BOARD_InitBootPins	8	static
../board/pin_mux.c:75:6:BOARD_InitPins	16	static
../board/pin_mux.c:171:6:BOARD_InitBUTTONsPins	16	static
