C:\Embebidosk64\WORKSPACE_REDES\REDES_HANDS_ON_HELLO_MQTT_lwip_mqtt_freertos\CMSIS/core_cm4.h:1809:22:__NVIC_SetPriority	16	static
C:\Embebidosk64\WORKSPACE_REDES\REDES_HANDS_ON_HELLO_MQTT_lwip_mqtt_freertos\drivers/fsl_gpio.h:221:20:GPIO_PortToggle	16	static
C:\Embebidosk64\WORKSPACE_REDES\REDES_HANDS_ON_HELLO_MQTT_lwip_mqtt_freertos\drivers/fsl_port.h:374:20:PORT_SetPinMux	24	static
../source/driversP/GPIO/GPIO.c:22:6:leds_init	24	static
../source/driversP/GPIO/GPIO.c:53:6:button_driver_init	16	static
../source/driversP/GPIO/GPIO.c:67:13:button_task_sw3	32	static
../source/driversP/GPIO/GPIO.c:80:13:button_task_sw2	32	static
../source/driversP/GPIO/GPIO.c:93:6:data_received	24	static
../source/driversP/GPIO/GPIO.c:120:6:PORTA_IRQHandler	16	static
../source/driversP/GPIO/GPIO.c:132:6:PORTD_IRQHandler	16	static
../source/driversP/GPIO/GPIO.c:143:6:red_led_toggle	8	static
../source/driversP/GPIO/GPIO.c:153:6:green_led_toggle	8	static
../source/driversP/GPIO/GPIO.c:163:6:blue_led_toggle	8	static
../source/driversP/GPIO/GPIO.c:173:6:on_red	4	static
../source/driversP/GPIO/GPIO.c:177:6:off_red	4	static
../source/driversP/GPIO/GPIO.c:181:6:on_blue	4	static
../source/driversP/GPIO/GPIO.c:185:6:off_blue	4	static
