C:\Embebidosk64\WORKSPACE_REDES\REDES_HANDS_ON_HELLO_MQTT_lwip_mqtt_freertos\CMSIS/core_cm4.h:1809:22:__NVIC_SetPriority	16	static
C:\Embebidosk64\WORKSPACE_REDES\REDES_HANDS_ON_HELLO_MQTT_lwip_mqtt_freertos\drivers/fsl_gpio.h:221:20:GPIO_PortToggle	16	static
C:\Embebidosk64\WORKSPACE_REDES\REDES_HANDS_ON_HELLO_MQTT_lwip_mqtt_freertos\drivers/fsl_port.h:374:20:PORT_SetPinMux	24	static
../source/driversP/GPIO/GPIO.c:17:6:leds_init	24	static
../source/driversP/GPIO/GPIO.c:48:6:button_driver_init	16	static
../source/driversP/GPIO/GPIO.c:62:13:button_task_sw3	32	static
../source/driversP/GPIO/GPIO.c:75:13:button_task_sw2	32	static
../source/driversP/GPIO/GPIO.c:88:6:data_received	32	static
../source/driversP/GPIO/GPIO.c:114:6:PORTA_IRQHandler	16	static
../source/driversP/GPIO/GPIO.c:126:6:PORTD_IRQHandler	16	static
../source/driversP/GPIO/GPIO.c:137:6:red_led_toggle	8	static
../source/driversP/GPIO/GPIO.c:147:6:green_led_toggle	8	static
../source/driversP/GPIO/GPIO.c:157:6:blue_led_toggle	8	static
