C:\Enrique\SisOperativo\hands_on_mqtt_lwip_mqtt_freertos\CMSIS/core_cm4.h:1679:22:__NVIC_EnableIRQ	16	static
C:\Enrique\SisOperativo\hands_on_mqtt_lwip_mqtt_freertos\CMSIS/core_cm4.h:1809:22:__NVIC_SetPriority	16	static
C:\Enrique\SisOperativo\hands_on_mqtt_lwip_mqtt_freertos\drivers/fsl_clock.h:725:20:CLOCK_EnableClock	24	static
C:\Enrique\SisOperativo\hands_on_mqtt_lwip_mqtt_freertos\drivers/fsl_port.h:271:20:PORT_SetPinConfig	32	static
C:\Enrique\SisOperativo\hands_on_mqtt_lwip_mqtt_freertos\drivers/fsl_port.h:374:20:PORT_SetPinMux	24	static
C:\Enrique\SisOperativo\hands_on_mqtt_lwip_mqtt_freertos\drivers/fsl_port.h:443:20:PORT_SetPinInterruptConfig	24	static
../board/pin_mux.c:38:6:BOARD_InitBootPins	8	static
../board/pin_mux.c:77:6:BOARD_InitPins	16	static
../board/pin_mux.c:167:6:BOARD_InitBUTTONsPins	16	static
